---
source: portgraph-gen/src/exhaustive.rs
expression: layers
---
[
    [
        (
            Op1,
            0,
            1,
        ),
    ],
    [
        (
            Op2,
            0,
            1,
        ),
    ],
    [
        (
            Op3,
            0,
            1,
        ),
    ],
    [
        (
            Op1,
            0,
            2,
        ),
    ],
    [
        (
            Op2,
            0,
            2,
        ),
    ],
    [
        (
            Op3,
            0,
            2,
        ),
    ],
    [
        (
            Op1,
            0,
            3,
        ),
    ],
    [
        (
            Op2,
            0,
            3,
        ),
    ],
    [
        (
            Op3,
            0,
            3,
        ),
    ],
    [
        (
            Op1,
            1,
            2,
        ),
    ],
    [
        (
            Op2,
            1,
            2,
        ),
    ],
    [
        (
            Op3,
            1,
            2,
        ),
    ],
    [
        (
            Op1,
            1,
            3,
        ),
    ],
    [
        (
            Op2,
            1,
            3,
        ),
    ],
    [
        (
            Op3,
            1,
            3,
        ),
    ],
    [
        (
            Op1,
            2,
            3,
        ),
    ],
    [
        (
            Op2,
            2,
            3,
        ),
    ],
    [
        (
            Op3,
            2,
            3,
        ),
    ],
    [
        (
            Op1,
            0,
            1,
        ),
        (
            Op1,
            2,
            3,
        ),
    ],
    [
        (
            Op1,
            0,
            1,
        ),
        (
            Op2,
            2,
            3,
        ),
    ],
    [
        (
            Op1,
            0,
            1,
        ),
        (
            Op3,
            2,
            3,
        ),
    ],
    [
        (
            Op2,
            0,
            1,
        ),
        (
            Op1,
            2,
            3,
        ),
    ],
    [
        (
            Op2,
            0,
            1,
        ),
        (
            Op2,
            2,
            3,
        ),
    ],
    [
        (
            Op2,
            0,
            1,
        ),
        (
            Op3,
            2,
            3,
        ),
    ],
    [
        (
            Op3,
            0,
            1,
        ),
        (
            Op1,
            2,
            3,
        ),
    ],
    [
        (
            Op3,
            0,
            1,
        ),
        (
            Op2,
            2,
            3,
        ),
    ],
    [
        (
            Op3,
            0,
            1,
        ),
        (
            Op3,
            2,
            3,
        ),
    ],
    [
        (
            Op1,
            0,
            2,
        ),
        (
            Op1,
            1,
            3,
        ),
    ],
    [
        (
            Op1,
            0,
            2,
        ),
        (
            Op2,
            1,
            3,
        ),
    ],
    [
        (
            Op1,
            0,
            2,
        ),
        (
            Op3,
            1,
            3,
        ),
    ],
    [
        (
            Op2,
            0,
            2,
        ),
        (
            Op1,
            1,
            3,
        ),
    ],
    [
        (
            Op2,
            0,
            2,
        ),
        (
            Op2,
            1,
            3,
        ),
    ],
    [
        (
            Op2,
            0,
            2,
        ),
        (
            Op3,
            1,
            3,
        ),
    ],
    [
        (
            Op3,
            0,
            2,
        ),
        (
            Op1,
            1,
            3,
        ),
    ],
    [
        (
            Op3,
            0,
            2,
        ),
        (
            Op2,
            1,
            3,
        ),
    ],
    [
        (
            Op3,
            0,
            2,
        ),
        (
            Op3,
            1,
            3,
        ),
    ],
    [
        (
            Op1,
            0,
            3,
        ),
        (
            Op1,
            1,
            2,
        ),
    ],
    [
        (
            Op1,
            0,
            3,
        ),
        (
            Op2,
            1,
            2,
        ),
    ],
    [
        (
            Op1,
            0,
            3,
        ),
        (
            Op3,
            1,
            2,
        ),
    ],
    [
        (
            Op2,
            0,
            3,
        ),
        (
            Op1,
            1,
            2,
        ),
    ],
    [
        (
            Op2,
            0,
            3,
        ),
        (
            Op2,
            1,
            2,
        ),
    ],
    [
        (
            Op2,
            0,
            3,
        ),
        (
            Op3,
            1,
            2,
        ),
    ],
    [
        (
            Op3,
            0,
            3,
        ),
        (
            Op1,
            1,
            2,
        ),
    ],
    [
        (
            Op3,
            0,
            3,
        ),
        (
            Op2,
            1,
            2,
        ),
    ],
    [
        (
            Op3,
            0,
            3,
        ),
        (
            Op3,
            1,
            2,
        ),
    ],
]
